On 1 March, Australia Reported The First Death From COVID-19: A 78-year-old Perth Man, Who Was One Of The Passengers From The Diamond Princess, And Who Had Been Evacuated And Was Being Treated In Western Australia.	同日 , 一个 曾 为 钻石 公主号 邮轮 乘客 的 78 岁 男性 老人 宣布 死亡 , 为 澳大利亚 首例 因 感染 COVID - 19 死亡 的 病例 。 他 曾 在 西 澳大利亚州 Sir Charles Gairdner Hospital 治疗 。	0-0 0-1 3-18 4-27 6-19 7-14 7-15 9-6 10-2 11-10 11-11 12-36 13-12 14-20 14-21 15-19 19-7 19-8 21-34 22-5 23-22 25-29 26-30 27-30 32-37 32-38 33-31 34-32 34-33 35-33
Community health, even population health, is not encouraged as health sectors in developing countries are not able to link the national authorities with the local government and community action.	其他 问题 涉及 医疗 服务 的 取得 , 以及 费用 。 世界 上 绝大部分 的 国家 地区 没有 足够 的 健康 保险 。 在 低 收入 国家 , 不 到 总 医疗 保健 支出 的 40% 的 经费 由 公家 / 政府 支付 。 社区 卫生 , 甚至 全民 卫生 都 未 受到 鼓励 , 因为 发展中国家 的 卫生 部门 无法 将 他们 的 国家 主管 部门 , 与 地方政府 , 以及 社区 行动 联系 起来 。	0-44 2-47 3-11 6-17 6-18 7-53 8-8 9-20 9-21 9-58 10-59 11-23 12-56 13-26 14-24 14-25 14-50 14-52 15-51 16-60 17-42 18-74 18-75 20-64 21-65 22-68 23-67 24-69 25-69 26-71 27-72 28-73
Community Health, Even Population Health, Is Not Encouraged As Health Sectors In Developing Countries Are Not Able To Link The National Authorities With The Local Government And Community Action.	其他 问题 涉及 医疗 服务 的 取得 , 以及 费用 。 世界 上 绝大部分 的 国家 地区 没有 足够 的 健康 保险 。 在 低 收入 国家 , 不 到 总 医疗 保健 支出 的 40% 的 经费 由 公家 / 政府 支付 。 社区 卫生 , 甚至 全民 卫生 都 未 受到 鼓励 , 因为 发展中国家 的 卫生 部门 无法 将 他们 的 国家 主管 部门 , 与 地方政府 , 以及 社区 行动 联系 起来 。	0-44 2-47 3-11 6-17 6-18 7-53 8-8 9-20 9-21 9-58 10-59 11-23 12-56 13-26 14-24 14-25 14-50 14-52 15-51 16-60 17-42 18-74 18-75 20-64 21-65 22-68 23-67 24-69 25-69 26-71 27-72 28-73
429 Transport Squadron (429 Bison Squadron) - Flying the CC-177	429 运输 中队 ( 429 野牛) , 使用 CC - 177	0-0 1-1 2-2 3-3 3-4 4-5 5-5 5-7 5-8 6-9 7-8 8-9 9-10
ឆនឲ ឯើ៟ ឵នឆ ឳ៏៳	ឆនឲ ឯើ៟ ឵នឆ ឳ៏៳	0-0 1-1 2-2 3-3
429 TRANSPORT SQUADRON (429 BISON SQUADRON) - FLYING THE CC-177	429 运输 中队 ( 429 野牛) , 使用 CC - 177	0-0 1-1 2-2 3-3 3-4 4-5 5-5 5-7 5-8 6-9 7-8 8-9 9-10
ぎな をさ なむ	ぎな をさ なむ	0-0 1-1 2-2
TRANSFUSION-RELATED ACUTE LUNG INJURY (TRALI) IS A SERIOUS BLOOD TRANSFUSION COMPLICATION CHARACTERIZED BY THE ACUTE ONSET OF NON-CARDIOGENIC PULMONARY EDEMA FOLLOWING TRANSFUSION OF BLOOD PRODUCTS.	输血 相关 急性 肺 损伤 (TRANSFUSION RELATED ACUTE LUNG INJURY ; TRALI) 是 一 种 会 引发 急性 肺水肿 的 严重 输血併 发症 。	0-1 1-2 2-3 3-4 4-5 4-6 4-7 5-12 6-13 6-14 7-20 8-0 9-0 10-11 11-12 14-17 15-16 17-18 18-18 19-18 20-19 21-21 22-19 24-23
Transfusion-related acute lung injury (TRALI) is a serious blood transfusion complication characterized by the acute onset of non-cardiogenic pulmonary edema following transfusion of blood products.	输血 相关 急性 肺 损伤 (Transfusion related acute lung injury ; TRALI) 是 一 种 会 引发 急性 肺水肿 的 严重 输血併 发症 。	0-1 1-2 2-3 3-4 4-5 4-6 4-7 5-12 6-13 6-14 7-20 8-0 9-0 10-11 11-12 14-17 15-16 17-18 18-18 19-18 20-19 21-21 22-19 24-23
Food Poisoning and Food Hygiene.	微生物 检验 与 食品 安全 控制 .	0-3 1-0 1-1 1-2 2-2 3-3 3-4 4-5 4-6
429 TRANSPORT SQUADRON (429 BISON SQUADRON) - FLYING THE CC-177	429 运输 中队 ( 429 野牛) , 使用 CC - 177	0-0 1-1 2-2 3-3 3-4 4-5 5-5 5-7 5-8 6-9 7-8 8-9 9-10
အ႐ ဖၐ	အ႐ ဖၐ	0-0 1-1
On 30 January, the WHO declared a Public Health Emergency of International Concern and on January 31, the Trump administration declared a public health emergency, and placed travel restrictions on entry for travellers from China.	2020年 1月 20日 , 华盛顿州 确诊 首例 COVID - 19 患者 。 1月 29日 , 成立 白宫 冠状 病毒 工作组 。 1月 31日 , 特朗 普政府 宣布 进入 公共 卫生 紧急 状态 。	0-2 0-3 1-0 2-1 6-4 7-8 8-7 14-13 15-12 15-21 16-22 18-24 18-25 19-25 20-26 21-15 22-28 23-29 24-30 24-31 25-23 30-27 34-32
Food Poisoning and Food Hygiene.	微生物 检验 与 食品 安全 控制 .	0-3 1-0 1-1 1-2 2-2 3-3 3-4 4-5 4-6
On 1 March, Australia reported the first death from COVID-19: a 78-year-old Perth man, who was one of the passengers from the Diamond Princess, and who had been evacuated and was being treated in Western Australia.	同日 , 一个 曾 为 钻石 公主号 邮轮 乘客 的 78 岁 男性 老人 宣布 死亡 , 为 澳大利亚 首例 因 感染 COVID - 19 死亡 的 病例 。 他 曾 在 西 澳大利亚州 Sir Charles Gairdner Hospital 治疗 。	0-0 0-1 3-18 4-27 6-19 7-14 7-15 9-6 10-2 11-10 11-11 12-36 13-12 14-20 14-21 15-19 19-7 19-8 21-34 22-5 23-22 25-29 26-30 27-30 32-37 32-38 33-31 34-32 34-33 35-33
볥뼜휆 휙헾덵 픪뾠흣	볥뼜휆 휙헾덵 픪뾠흣	0-0 1-1 2-2
On 30 January, the WHO declared a Public Health Emergency of International Concern and on January 31, the Trump administration declared a public health emergency, and placed travel restrictions on entry for travellers from China.	2020年 1月 20日 , 华盛顿州 确诊 首例 COVID - 19 患者 。 1月 29日 , 成立 白宫 冠状 病毒 工作组 。 1月 31日 , 特朗 普政府 宣布 进入 公共 卫生 紧急 状态 。	0-2 0-3 1-0 2-1 6-4 7-8 8-7 14-13 15-12 15-21 16-22 18-24 18-25 19-25 20-26 21-15 22-28 23-29 24-30 24-31 25-23 30-27 34-32
Together at Home (also known as One World: Together at Home) was a virtual concert series organised by Global Citizen and curated by singer Lady Gaga, in support of the World Health Organization.	同一个 世界 : 共同 在家 ( 英语 : One World : Together at Home) , 是 于 2020年 4月 18日 举行 的 虚拟 系列 演唱会 , 推广 在 2019 冠状 病毒 病 疫情 期间 保持 社交 距离 等 防疫 理念 , 由 全球 公民 和 歌手 嘎嘎 小姐 共同 组织 发起 , 以 支持 世界 卫生 组织 。	0-3 2-4 3-5 4-31 6-8 7-7 7-10 8-11 9-12 11-15 11-16 12-23 13-22 14-24 15-23 16-49 17-41 18-42 19-43 20-44 21-41 22-41 23-45 24-46 25-46 25-47 26-52 27-53 29-51 30-54 31-55 32-56 32-57
Food Poisoning And Food Hygiene.	微生物 检验 与 食品 安全 控制 .	0-3 1-0 1-1 1-2 2-2 3-3 3-4 4-5 4-6
COMMUNITY HEALTH, EVEN POPULATION HEALTH, IS NOT ENCOURAGED AS HEALTH SECTORS IN DEVELOPING COUNTRIES ARE NOT ABLE TO LINK THE NATIONAL AUTHORITIES WITH THE LOCAL GOVERNMENT AND COMMUNITY ACTION.	其他 问题 涉及 医疗 服务 的 取得 , 以及 费用 。 世界 上 绝大部分 的 国家 地区 没有 足够 的 健康 保险 。 在 低 收入 国家 , 不 到 总 医疗 保健 支出 的 40% 的 经费 由 公家 / 政府 支付 。 社区 卫生 , 甚至 全民 卫生 都 未 受到 鼓励 , 因为 发展中国家 的 卫生 部门 无法 将 他们 的 国家 主管 部门 , 与 地方政府 , 以及 社区 行动 联系 起来 。	0-44 2-47 3-11 6-17 6-18 7-53 8-8 9-20 9-21 9-58 10-59 11-23 12-56 13-26 14-24 14-25 14-50 14-52 15-51 16-60 17-42 18-74 18-75 20-64 21-65 22-68 23-67 24-69 25-69 26-71 27-72 28-73
Ê Ö Ë   æ ú ù	Ê Ö Ë   æ ú ù	0-0 1-1 2-2 3-3 4-4 5-5 6-6
429 TRANSPORT SQUADRON (429 BISON SQUADRON) - FLYING THE CC-177	429 运输 中队 ( 429 野牛) , 使用 CC - 177	0-0 1-1 2-2 3-3 3-4 4-5 5-5 5-7 5-8 6-9 7-8 8-9 9-10
On 1 March, Australia Reported The First Death From COVID-19: A 78-year-old Perth Man, Who Was One Of The Passengers From The Diamond Princess, And Who Had Been Evacuated And Was Being Treated In Western Australia.	同日 , 一个 曾 为 钻石 公主号 邮轮 乘客 的 78 岁 男性 老人 宣布 死亡 , 为 澳大利亚 首例 因 感染 COVID - 19 死亡 的 病例 。 他 曾 在 西 澳大利亚州 Sir Charles Gairdner Hospital 治疗 。	0-0 0-1 3-18 4-27 6-19 7-14 7-15 9-6 10-2 11-10 11-11 12-36 13-12 14-20 14-21 15-19 19-7 19-8 21-34 22-5 23-22 25-29 26-30 27-30 32-37 32-38 33-31 34-32 34-33 35-33
On 20 September 2019, the Australian Olympic Committee announced the first set of sailors selected for Tokyo 2020, namely Rio 2016 silver medalists and defending world 470 champions Mathew Belcher and William Ryan and world's current top-ranked Laser sailor Matthew Wearn.	2019年 9月 20日 , 澳大利亚 奥林匹克 委员会 公布 了 第一 批 入选 奥运 阵容 的 帆船 选手 名单 , 名单 中 包括 2016年 里约 奥运 银牌 得主 Mathew Belcher 和 William Ryan 。 2020年 2月 27日 , 第二 批 入选 奥运 阵容 的 帆船 选手 名单 正式 公布 。 2020年 3月 19日 , Mara Stransky 确认 获得 代表 澳大利亚 参加 女子 辐射型 的 资格 , 成为 第三 批 入选 的 帆船 选手 。	0-2 0-3 1-2 2-1 3-0 4-8 5-4 6-5 7-6 8-7 10-9 10-10 11-10 13-16 14-39 17-33 19-23 20-22 21-25 22-13 23-29 28-27 29-53 31-30 32-31 34-65 36-61 36-62 37-69 40-70 40-71
ON 30 JANUARY, THE WHO DECLARED A PUBLIC HEALTH EMERGENCY OF INTERNATIONAL CONCERN AND ON JANUARY 31, THE TRUMP ADMINISTRATION DECLARED A PUBLIC HEALTH EMERGENCY, AND PLACED TRAVEL RESTRICTIONS ON ENTRY FOR TRAVELLERS FROM CHINA.	2020年 1月 20日 , 华盛顿州 确诊 首例 COVID - 19 患者 。 1月 29日 , 成立 白宫 冠状 病毒 工作组 。 1月 31日 , 特朗 普政府 宣布 进入 公共 卫生 紧急 状态 。	0-2 0-3 1-0 2-1 6-4 7-8 8-7 14-13 15-12 15-21 16-22 18-24 18-25 19-25 20-26 21-15 22-28 23-29 24-30 24-31 25-23 30-27 34-32
ヾペ リフ ュコ ゴタ ヨョ ヤテ ヴシ レオ	ヾペ リフ ュコ ゴタ ヨョ ヤテ ヴシ レオ	0-0 1-1 2-2 3-3 4-4 5-5 6-6 7-7
GENERALLY, THE TREATMENT FOR SIRS IS DIRECTED TOWARDS THE UNDERLYING PROBLEM OR INCITING CAUSE (I.E. ADEQUATE FLUID REPLACEMENT FOR HYPOVOLEMIA, IVF/NPO FOR PANCREATITIS, EPINEPHRINE/STEROIDS/DIPHENHYDRAMINE FOR ANAPHYLAXIS).SELENIUM, GLUTAMINE, AND EICOSAPENTAENOIC ACID HAVE SHOWN EFFECTIVENESS IN IMPROVING SYMPTOMS IN CLINICAL TRIALS.	一般来说 , SIR S 的 治疗 针对 潜在 的 问题 或 诱发 原因 (例 如 , 使用 足够 的 液体 替代 血 容量 不足 , 对 胰腺 炎患者 应用 IV F / NPO , 肾上腺素 / 类固醇 / 苯海 拉明 用于 过敏 反应 ) 。 硒 , 谷氨 酰胺 和 二十 碳 五烯酸 已经 显示 出 在 临床 试验 中 改善 症状 的 有效性 。 其他 的 抗氧化剂 , 如 维生素E 可能 是 有 帮助 的 。	0-0 0-1 1-4 2-5 3-8 4-2 4-3 6-6 7-6 9-7 10-9 11-10 13-12 14-13 14-14 15-17 16-19 17-20 18-40 19-38 19-39 20-38 22-45 23-47 23-48 24-51 25-52 26-52 27-49 30-53 31-54 31-55 32-63 33-59 34-60 35-61 36-59 37-57 37-58 38-57
យ ៙ យ ៱ ង ៬ ខ	យ ៙ យ ៱ ង ៬ ខ	0-0 1-1 2-2 3-3 4-4 5-5 6-6
On 30 January, the WHO declared a Public Health Emergency of International Concern and on January 31, the Trump administration declared a public health emergency, and placed travel restrictions on entry for travellers from China.	2020年 1月 20日 , 华盛顿州 确诊 首例 COVID - 19 患者 。 1月 29日 , 成立 白宫 冠状 病毒 工作组 。 1月 31日 , 特朗 普政府 宣布 进入 公共 卫生 紧急 状态 。	0-2 0-3 1-0 2-1 6-4 7-8 8-7 14-13 15-12 15-21 16-22 18-24 18-25 19-25 20-26 21-15 22-28 23-29 24-30 24-31 25-23 30-27 34-32
Վ ի ՞ Խ	Վ ի ՞ Խ	0-0 1-1 2-2 3-3
Generally, the treatment for SIRS is directed towards the underlying problem or inciting cause (i.e. adequate fluid replacement for hypovolemia, IVF/NPO for pancreatitis, epinephrine/steroids/diphenhydramine for anaphylaxis).Selenium, glutamine, and eicosapentaenoic acid have shown effectiveness in improving symptoms in clinical trials.	一般来说 , SIR S 的 治疗 针对 潜在 的 问题 或 诱发 原因 (例 如 , 使用 足够 的 液体 替代 血 容量 不足 , 对 胰腺 炎患者 应用 IV F / NPO , 肾上腺素 / 类固醇 / 苯海 拉明 用于 过敏 反应 ) 。 硒 , 谷氨 酰胺 和 二十 碳 五烯酸 已经 显示 出 在 临床 试验 中 改善 症状 的 有效性 。 其他 的 抗氧化剂 , 如 维生素E 可能 是 有 帮助 的 。	0-0 0-1 1-4 2-5 3-8 4-2 4-3 6-6 7-6 9-7 10-9 11-10 13-12 14-13 14-14 15-17 16-19 17-20 18-40 19-38 19-39 20-38 22-45 23-47 23-48 24-51 25-52 26-52 27-49 30-53 31-54 31-55 32-63 33-59 34-60 35-61 36-59 37-57 37-58 38-57
๦ฐี ภะจ ฤญ้ ั๎ง ๮๟ฺ เช๓ ๱ื๾ ณ๑฻ ๤๡ี ถฟ๾	๦ฐี ภะจ ฤญ้ ั๎ง ๮๟ฺ เช๓ ๱ื๾ ณ๑฻ ๤๡ี ถฟ๾	0-0 1-1 2-2 3-3 4-4 5-5 6-6 7-7 8-8 9-9
Community health, even population health, is not encouraged as health sectors in developing countries are not able to link the national authorities with the local government and community action.	其他 问题 涉及 医疗 服务 的 取得 , 以及 费用 。 世界 上 绝大部分 的 国家 地区 没有 足够 的 健康 保险 。 在 低 收入 国家 , 不 到 总 医疗 保健 支出 的 40% 的 经费 由 公家 / 政府 支付 。 社区 卫生 , 甚至 全民 卫生 都 未 受到 鼓励 , 因为 发展中国家 的 卫生 部门 无法 将 他们 的 国家 主管 部门 , 与 地方政府 , 以及 社区 行动 联系 起来 。	0-44 2-47 3-11 6-17 6-18 7-53 8-8 9-20 9-21 9-58 10-59 11-23 12-56 13-26 14-24 14-25 14-50 14-52 15-51 16-60 17-42 18-74 18-75 20-64 21-65 22-68 23-67 24-69 25-69 26-71 27-72 28-73
The Conference Concluded That The Manifestations Of SIRS Include, But Are Not Limited To The First Four Described Above Under Adult SIRS Criteria.	SIR S 标准 成立 于 1992年 , 是 美国 胸科 医师 学会 / 重症 监护 医学 协商会 共同 会议 的 一部分 。 会议 得出 结论 , SIR S 的 表现 包括 但 不 限于 上述 成人 SIR S 的 前 四 项 判定 标准 。	0-3 1-18 1-22 2-23 2-24 3-6 5-29 6-12 7-26 7-27 8-30 9-31 10-7 11-32 12-33 13-25 14-28 15-39 16-40 17-34 18-34 19-41 20-35 21-36 21-37 21-42 22-43 22-44
נ ׼ ׉ ֘ ׆ צ	נ ׼ ׉ ֘ ׆ צ	0-0 1-1 2-2 3-3 4-4 5-5
The conference concluded that the manifestations of SIRS include, but are not limited to the first four described above under adult SIRS criteria.	SIR S 标准 成立 于 1992年 , 是 美国 胸科 医师 学会 / 重症 监护 医学 协商会 共同 会议 的 一部分 。 会议 得出 结论 , SIR S 的 表现 包括 但 不 限于 上述 成人 SIR S 的 前 四 项 判定 标准 。	0-3 1-18 1-22 2-23 2-24 3-6 5-29 6-12 7-26 7-27 8-30 9-31 10-7 11-32 12-33 13-25 14-28 15-39 16-40 17-34 18-34 19-41 20-35 21-36 21-37 21-42 22-43 22-44
ઓઁ	ઓઁ	0-0
On 20 September 2019, The Australian Olympic Committee Announced The First Set Of Sailors Selected For Tokyo 2020, Namely Rio 2016 Silver Medalists And Defending World 470 Champions Mathew Belcher And William Ryan And World's Current Top-ranked Laser Sailor Matthew Wearn.	2019年 9月 20日 , 澳大利亚 奥林匹克 委员会 公布 了 第一 批 入选 奥运 阵容 的 帆船 选手 名单 , 名单 中 包括 2016年 里约 奥运 银牌 得主 Mathew Belcher 和 William Ryan 。 2020年 2月 27日 , 第二 批 入选 奥运 阵容 的 帆船 选手 名单 正式 公布 。 2020年 3月 19日 , Mara Stransky 确认 获得 代表 澳大利亚 参加 女子 辐射型 的 资格 , 成为 第三 批 入选 的 帆船 选手 。	0-2 0-3 1-2 2-1 3-0 4-8 5-4 6-5 7-6 8-7 10-9 10-10 11-10 13-16 14-39 17-33 19-23 20-22 21-25 22-13 23-29 28-27 29-53 31-30 32-31 34-65 36-61 36-62 37-69 40-70 40-71
Together At Home (also Known As One World: Together At Home) Was A Virtual Concert Series Organised By Global Citizen And Curated By Singer Lady Gaga, In Support Of The World Health Organization.	同一个 世界 : 共同 在家 ( 英语 : One World : Together At Home) , 是 于 2020年 4月 18日 举行 的 虚拟 系列 演唱会 , 推广 在 2019 冠状 病毒 病 疫情 期间 保持 社交 距离 等 防疫 理念 , 由 全球 公民 和 歌手 嘎嘎 小姐 共同 组织 发起 , 以 支持 世界 卫生 组织 。	0-3 2-4 3-5 4-31 6-8 7-7 7-10 8-11 9-12 11-15 11-16 12-23 13-22 14-24 15-23 16-49 17-41 18-42 19-43 20-44 21-41 22-41 23-45 24-46 25-46 25-47 26-52 27-53 29-51 30-54 31-55 32-56 32-57
On 1 March, Australia reported the first death from COVID-19: a 78-year-old Perth man, who was one of the passengers from the Diamond Princess, and who had been evacuated and was being treated in Western Australia.	同日 , 一个 曾 为 钻石 公主号 邮轮 乘客 的 78 岁 男性 老人 宣布 死亡 , 为 澳大利亚 首例 因 感染 COVID - 19 死亡 的 病例 。 他 曾 在 西 澳大利亚州 Sir Charles Gairdner Hospital 治疗 。	0-0 0-1 3-18 4-27 6-19 7-14 7-15 9-6 10-2 11-10 11-11 12-36 13-12 14-20 14-21 15-19 19-7 19-8 21-34 22-5 23-22 25-29 26-30 27-30 32-37 32-38 33-31 34-32 34-33 35-33
Ͻϛ Ϧ͵ Λν ϲψ ζπ Δͽ ϭυ ΐ; κϙ	Ͻϛ Ϧ͵ Λν ϲψ ζπ Δͽ ϭυ ΐ; κϙ	0-0 1-1 2-2 3-3 4-4 5-5 6-6 7-7 8-8
The Conference Concluded That The Manifestations Of SIRS Include, But Are Not Limited To The First Four Described Above Under Adult SIRS Criteria.	SIR S 标准 成立 于 1992年 , 是 美国 胸科 医师 学会 / 重症 监护 医学 协商会 共同 会议 的 一部分 。 会议 得出 结论 , SIR S 的 表现 包括 但 不 限于 上述 成人 SIR S 的 前 四 项 判定 标准 。	0-3 1-18 1-22 2-23 2-24 3-6 5-29 6-12 7-26 7-27 8-30 9-31 10-7 11-32 12-33 13-25 14-28 15-39 16-40 17-34 18-34 19-41 20-35 21-36 21-37 21-42 22-43 22-44
ტ უ	ტ უ	0-0 1-1
ON 30 JANUARY, THE WHO DECLARED A PUBLIC HEALTH EMERGENCY OF INTERNATIONAL CONCERN AND ON JANUARY 31, THE TRUMP ADMINISTRATION DECLARED A PUBLIC HEALTH EMERGENCY, AND PLACED TRAVEL RESTRICTIONS ON ENTRY FOR TRAVELLERS FROM CHINA.	2020年 1月 20日 , 华盛顿州 确诊 首例 COVID - 19 患者 。 1月 29日 , 成立 白宫 冠状 病毒 工作组 。 1月 31日 , 特朗 普政府 宣布 进入 公共 卫生 紧急 状态 。	0-2 0-3 1-0 2-1 6-4 7-8 8-7 14-13 15-12 15-21 16-22 18-24 18-25 19-25 20-26 21-15 22-28 23-29 24-30 24-31 25-23 30-27 34-32
দ ঄ ৰ ঃ ঩ ৣ চ	দ ঄ ৰ ঃ ঩ ৣ চ	0-0 1-1 2-2 3-3 4-4 5-5 6-6
The conference concluded that the manifestations of SIRS include, but are not limited to the first four described above under adult SIRS criteria.	SIR S 标准 成立 于 1992年 , 是 美国 胸科 医师 学会 / 重症 监护 医学 协商会 共同 会议 的 一部分 。 会议 得出 结论 , SIR S 的 表现 包括 但 不 限于 上述 成人 SIR S 的 前 四 项 判定 标准 。	0-3 1-18 1-22 2-23 2-24 3-6 5-29 6-12 7-26 7-27 8-30 9-31 10-7 11-32 12-33 13-25 14-28 15-39 16-40 17-34 18-34 19-41 20-35 21-36 21-37 21-42 22-43 22-44
³ ý ê ¸ Í	³ ý ê ¸ Í	0-0 1-1 2-2 3-3 4-4
On 1 March, Australia reported the first death from COVID-19: a 78-year-old Perth man, who was one of the passengers from the Diamond Princess, and who had been evacuated and was being treated in Western Australia.	同日 , 一个 曾 为 钻石 公主号 邮轮 乘客 的 78 岁 男性 老人 宣布 死亡 , 为 澳大利亚 首例 因 感染 COVID - 19 死亡 的 病例 。 他 曾 在 西 澳大利亚州 Sir Charles Gairdner Hospital 治疗 。	0-0 0-1 3-18 4-27 6-19 7-14 7-15 9-6 10-2 11-10 11-11 12-36 13-12 14-20 14-21 15-19 19-7 19-8 21-34 22-5 23-22 25-29 26-30 27-30 32-37 32-38 33-31 34-32 34-33 35-33
Together at Home (also known as One World: Together at Home) was a virtual concert series organised by Global Citizen and curated by singer Lady Gaga, in support of the World Health Organization.	同一个 世界 : 共同 在家 ( 英语 : One World : Together at Home) , 是 于 2020年 4月 18日 举行 的 虚拟 系列 演唱会 , 推广 在 2019 冠状 病毒 病 疫情 期间 保持 社交 距离 等 防疫 理念 , 由 全球 公民 和 歌手 嘎嘎 小姐 共同 组织 发起 , 以 支持 世界 卫生 组织 。	0-3 2-4 3-5 4-31 6-8 7-7 7-10 8-11 9-12 11-15 11-16 12-23 13-22 14-24 15-23 16-49 17-41 18-42 19-43 20-44 21-41 22-41 23-45 24-46 25-46 25-47 26-52 27-53 29-51 30-54 31-55 32-56 32-57
FOOD POISONING AND FOOD HYGIENE.	微生物 检验 与 食品 安全 控制 .	0-3 1-0 1-1 1-2 2-2 3-3 3-4 4-5 4-6
429 Transport Squadron (429 Bison Squadron) - Flying the CC-177	429 运输 中队 ( 429 野牛) , 使用 CC - 177	0-0 1-1 2-2 3-3 3-4 4-5 5-5 5-7 5-8 6-9 7-8 8-9 9-10
TRANSFUSION-RELATED ACUTE LUNG INJURY (TRALI) IS A SERIOUS BLOOD TRANSFUSION COMPLICATION CHARACTERIZED BY THE ACUTE ONSET OF NON-CARDIOGENIC PULMONARY EDEMA FOLLOWING TRANSFUSION OF BLOOD PRODUCTS.	输血 相关 急性 肺 损伤 (TRANSFUSION RELATED ACUTE LUNG INJURY ; TRALI) 是 一 种 会 引发 急性 肺水肿 的 严重 输血併 发症 。	0-1 1-2 2-3 3-4 4-5 4-6 4-7 5-12 6-13 6-14 7-20 8-0 9-0 10-11 11-12 14-17 15-16 17-18 18-18 19-18 20-19 21-21 22-19 24-23
On 1 March, Australia reported the first death from COVID-19: a 78-year-old Perth man, who was one of the passengers from the Diamond Princess, and who had been evacuated and was being treated in Western Australia.	同日 , 一个 曾 为 钻石 公主号 邮轮 乘客 的 78 岁 男性 老人 宣布 死亡 , 为 澳大利亚 首例 因 感染 COVID - 19 死亡 的 病例 。 他 曾 在 西 澳大利亚州 Sir Charles Gairdner Hospital 治疗 。	0-0 0-1 3-18 4-27 6-19 7-14 7-15 9-6 10-2 11-10 11-11 12-36 13-12 14-20 14-21 15-19 19-7 19-8 21-34 22-5 23-22 25-29 26-30 27-30 32-37 32-38 33-31 34-32 34-33 35-33
On 20 September 2019, the Australian Olympic Committee announced the first set of sailors selected for Tokyo 2020, namely Rio 2016 silver medalists and defending world 470 champions Mathew Belcher and William Ryan and world's current top-ranked Laser sailor Matthew Wearn.	2019年 9月 20日 , 澳大利亚 奥林匹克 委员会 公布 了 第一 批 入选 奥运 阵容 的 帆船 选手 名单 , 名单 中 包括 2016年 里约 奥运 银牌 得主 Mathew Belcher 和 William Ryan 。 2020年 2月 27日 , 第二 批 入选 奥运 阵容 的 帆船 选手 名单 正式 公布 。 2020年 3月 19日 , Mara Stransky 确认 获得 代表 澳大利亚 参加 女子 辐射型 的 资格 , 成为 第三 批 入选 的 帆船 选手 。	0-2 0-3 1-2 2-1 3-0 4-8 5-4 6-5 7-6 8-7 10-9 10-10 11-10 13-16 14-39 17-33 19-23 20-22 21-25 22-13 23-29 28-27 29-53 31-30 32-31 34-65 36-61 36-62 37-69 40-70 40-71
거 탟 꾯	거 탟 꾯	0-0 1-1 2-2
Generally, the treatment for SIRS is directed towards the underlying problem or inciting cause (i.e. adequate fluid replacement for hypovolemia, IVF/NPO for pancreatitis, epinephrine/steroids/diphenhydramine for anaphylaxis).Selenium, glutamine, and eicosapentaenoic acid have shown effectiveness in improving symptoms in clinical trials.	一般来说 , SIR S 的 治疗 针对 潜在 的 问题 或 诱发 原因 (例 如 , 使用 足够 的 液体 替代 血 容量 不足 , 对 胰腺 炎患者 应用 IV F / NPO , 肾上腺素 / 类固醇 / 苯海 拉明 用于 过敏 反应 ) 。 硒 , 谷氨 酰胺 和 二十 碳 五烯酸 已经 显示 出 在 临床 试验 中 改善 症状 的 有效性 。 其他 的 抗氧化剂 , 如 维生素E 可能 是 有 帮助 的 。	0-0 0-1 1-4 2-5 3-8 4-2 4-3 6-6 7-6 9-7 10-9 11-10 13-12 14-13 14-14 15-17 16-19 17-20 18-40 19-38 19-39 20-38 22-45 23-47 23-48 24-51 25-52 26-52 27-49 30-53 31-54 31-55 32-63 33-59 34-60 35-61 36-59 37-57 37-58 38-57
The Conference Concluded That The Manifestations Of SIRS Include, But Are Not Limited To The First Four Described Above Under Adult SIRS Criteria.	SIR S 标准 成立 于 1992年 , 是 美国 胸科 医师 学会 / 重症 监护 医学 协商会 共同 会议 的 一部分 。 会议 得出 结论 , SIR S 的 表现 包括 但 不 限于 上述 成人 SIR S 的 前 四 项 判定 标准 。	0-3 1-18 1-22 2-23 2-24 3-6 5-29 6-12 7-26 7-27 8-30 9-31 10-7 11-32 12-33 13-25 14-28 15-39 16-40 17-34 18-34 19-41 20-35 21-36 21-37 21-42 22-43 22-44
Generally, The Treatment For SIRS Is Directed Towards The Underlying Problem Or Inciting Cause (i.e. Adequate Fluid Replacement For Hypovolemia, IVF/NPO For Pancreatitis, Epinephrine/steroids/diphenhydramine For Anaphylaxis).Selenium, Glutamine, And Eicosapentaenoic Acid Have Shown Effectiveness In Improving Symptoms In Clinical Trials.	一般来说 , SIR S 的 治疗 针对 潜在 的 问题 或 诱发 原因 (例 如 , 使用 足够 的 液体 替代 血 容量 不足 , 对 胰腺 炎患者 应用 IV F / NPO , 肾上腺素 / 类固醇 / 苯海 拉明 用于 过敏 反应 ) 。 硒 , 谷氨 酰胺 和 二十 碳 五烯酸 已经 显示 出 在 临床 试验 中 改善 症状 的 有效性 。 其他 的 抗氧化剂 , 如 维生素E 可能 是 有 帮助 的 。	0-0 0-1 1-4 2-5 3-8 4-2 4-3 6-6 7-6 9-7 10-9 11-10 13-12 14-13 14-14 15-17 16-19 17-20 18-40 19-38 19-39 20-38 22-45 23-47 23-48 24-51 25-52 26-52 27-49 30-53 31-54 31-55 32-63 33-59 34-60 35-61 36-59 37-57 37-58 38-57
Ս՚ ժֆ ։֎ ոլ ծ֍ Օց ֋ւ ՌԲ ՏԻ ֋ճ	Ս՚ ժֆ ։֎ ոլ ծ֍ Օց ֋ւ ՌԲ ՏԻ ֋ճ	0-0 1-1 2-2 3-3 4-4 5-5 6-6 7-7 8-8 9-9
Together at Home (also known as One World: Together at Home) was a virtual concert series organised by Global Citizen and curated by singer Lady Gaga, in support of the World Health Organization.	同一个 世界 : 共同 在家 ( 英语 : One World : Together at Home) , 是 于 2020年 4月 18日 举行 的 虚拟 系列 演唱会 , 推广 在 2019 冠状 病毒 病 疫情 期间 保持 社交 距离 等 防疫 理念 , 由 全球 公民 和 歌手 嘎嘎 小姐 共同 组织 发起 , 以 支持 世界 卫生 组织 。	0-3 2-4 3-5 4-31 6-8 7-7 7-10 8-11 9-12 11-15 11-16 12-23 13-22 14-24 15-23 16-49 17-41 18-42 19-43 20-44 21-41 22-41 23-45 24-46 25-46 25-47 26-52 27-53 29-51 30-54 31-55 32-56 32-57
On 20 September 2019, the Australian Olympic Committee announced the first set of sailors selected for Tokyo 2020, namely Rio 2016 silver medalists and defending world 470 champions Mathew Belcher and William Ryan and world's current top-ranked Laser sailor Matthew Wearn.	2019年 9月 20日 , 澳大利亚 奥林匹克 委员会 公布 了 第一 批 入选 奥运 阵容 的 帆船 选手 名单 , 名单 中 包括 2016年 里约 奥运 银牌 得主 Mathew Belcher 和 William Ryan 。 2020年 2月 27日 , 第二 批 入选 奥运 阵容 的 帆船 选手 名单 正式 公布 。 2020年 3月 19日 , Mara Stransky 确认 获得 代表 澳大利亚 参加 女子 辐射型 的 资格 , 成为 第三 批 入选 的 帆船 选手 。	0-2 0-3 1-2 2-1 3-0 4-8 5-4 6-5 7-6 8-7 10-9 10-10 11-10 13-16 14-39 17-33 19-23 20-22 21-25 22-13 23-29 28-27 29-53 31-30 32-31 34-65 36-61 36-62 37-69 40-70 40-71
բվ քԼ էբ Օՙ Տօ դԻ ջ֎	բվ քԼ էբ Օՙ Տօ դԻ ջ֎	0-0 1-1 2-2 3-3 4-4 5-5 6-6
Community health, even population health, is not encouraged as health sectors in developing countries are not able to link the national authorities with the local government and community action.	其他 问题 涉及 医疗 服务 的 取得 , 以及 费用 。 世界 上 绝大部分 的 国家 地区 没有 足够 的 健康 保险 。 在 低 收入 国家 , 不 到 总 医疗 保健 支出 的 40% 的 经费 由 公家 / 政府 支付 。 社区 卫生 , 甚至 全民 卫生 都 未 受到 鼓励 , 因为 发展中国家 的 卫生 部门 无法 将 他们 的 国家 主管 部门 , 与 地方政府 , 以及 社区 行动 联系 起来 。	0-44 2-47 3-11 6-17 6-18 7-53 8-8 9-20 9-21 9-58 10-59 11-23 12-56 13-26 14-24 14-25 14-50 14-52 15-51 16-60 17-42 18-74 18-75 20-64 21-65 22-68 23-67 24-69 25-69 26-71 27-72 28-73
On 30 January, the WHO declared a Public Health Emergency of International Concern and on January 31, the Trump administration declared a public health emergency, and placed travel restrictions on entry for travellers from China.	2020年 1月 20日 , 华盛顿州 确诊 首例 COVID - 19 患者 。 1月 29日 , 成立 白宫 冠状 病毒 工作组 。 1月 31日 , 特朗 普政府 宣布 进入 公共 卫生 紧急 状态 。	0-2 0-3 1-0 2-1 6-4 7-8 8-7 14-13 15-12 15-21 16-22 18-24 18-25 19-25 20-26 21-15 22-28 23-29 24-30 24-31 25-23 30-27 34-32
On 1 March, Australia Reported The First Death From COVID-19: A 78-year-old Perth Man, Who Was One Of The Passengers From The Diamond Princess, And Who Had Been Evacuated And Was Being Treated In Western Australia.	同日 , 一个 曾 为 钻石 公主号 邮轮 乘客 的 78 岁 男性 老人 宣布 死亡 , 为 澳大利亚 首例 因 感染 COVID - 19 死亡 的 病例 。 他 曾 在 西 澳大利亚州 Sir Charles Gairdner Hospital 治疗 。	0-0 0-1 3-18 4-27 6-19 7-14 7-15 9-6 10-2 11-10 11-11 12-36 13-12 14-20 14-21 15-19 19-7 19-8 21-34 22-5 23-22 25-29 26-30 27-30 32-37 32-38 33-31 34-32 34-33 35-33
ฬ๘฼ ฏฬ฀ รฒโ ผโ๪ ๞๬็	ฬ๘฼ ฏฬ฀ รฒโ ผโ๪ ๞๬็	0-0 1-1 2-2 3-3 4-4
Food Poisoning and Food Hygiene.	微生物 检验 与 食品 安全 控制 .	0-3 1-0 1-1 1-2 2-2 3-3 3-4 4-5 4-6
Generally, the treatment for SIRS is directed towards the underlying problem or inciting cause (i.e. adequate fluid replacement for hypovolemia, IVF/NPO for pancreatitis, epinephrine/steroids/diphenhydramine for anaphylaxis).Selenium, glutamine, and eicosapentaenoic acid have shown effectiveness in improving symptoms in clinical trials.	一般来说 , SIR S 的 治疗 针对 潜在 的 问题 或 诱发 原因 (例 如 , 使用 足够 的 液体 替代 血 容量 不足 , 对 胰腺 炎患者 应用 IV F / NPO , 肾上腺素 / 类固醇 / 苯海 拉明 用于 过敏 反应 ) 。 硒 , 谷氨 酰胺 和 二十 碳 五烯酸 已经 显示 出 在 临床 试验 中 改善 症状 的 有效性 。 其他 的 抗氧化剂 , 如 维生素E 可能 是 有 帮助 的 。	0-0 0-1 1-4 2-5 3-8 4-2 4-3 6-6 7-6 9-7 10-9 11-10 13-12 14-13 14-14 15-17 16-19 17-20 18-40 19-38 19-39 20-38 22-45 23-47 23-48 24-51 25-52 26-52 27-49 30-53 31-54 31-55 32-63 33-59 34-60 35-61 36-59 37-57 37-58 38-57
いかし ぉまみ で゗ぁ	いかし ぉまみ で゗ぁ	0-0 1-1 2-2
TRANSFUSION-RELATED ACUTE LUNG INJURY (TRALI) IS A SERIOUS BLOOD TRANSFUSION COMPLICATION CHARACTERIZED BY THE ACUTE ONSET OF NON-CARDIOGENIC PULMONARY EDEMA FOLLOWING TRANSFUSION OF BLOOD PRODUCTS.	输血 相关 急性 肺 损伤 (TRANSFUSION RELATED ACUTE LUNG INJURY ; TRALI) 是 一 种 会 引发 急性 肺水肿 的 严重 输血併 发症 。	0-1 1-2 2-3 3-4 4-5 4-6 4-7 5-12 6-13 6-14 7-20 8-0 9-0 10-11 11-12 14-17 15-16 17-18 18-18 19-18 20-19 21-21 22-19 24-23
ڧېۈ ٱيٲ ٫ڶؐ ۛۥٟ ۾ٸؠ ؠ٘ځ ٵئۓ	ڧېۈ ٱيٲ ٫ڶؐ ۛۥٟ ۾ٸؠ ؠ٘ځ ٵئۓ	0-0 1-1 2-2 3-3 4-4 5-5 6-6
Together At Home (also Known As One World: Together At Home) Was A Virtual Concert Series Organised By Global Citizen And Curated By Singer Lady Gaga, In Support Of The World Health Organization.	同一个 世界 : 共同 在家 ( 英语 : One World : Together At Home) , 是 于 2020年 4月 18日 举行 的 虚拟 系列 演唱会 , 推广 在 2019 冠状 病毒 病 疫情 期间 保持 社交 距离 等 防疫 理念 , 由 全球 公民 和 歌手 嘎嘎 小姐 共同 组织 发起 , 以 支持 世界 卫生 组织 。	0-3 2-4 3-5 4-31 6-8 7-7 7-10 8-11 9-12 11-15 11-16 12-23 13-22 14-24 15-23 16-49 17-41 18-42 19-43 20-44 21-41 22-41 23-45 24-46 25-46 25-47 26-52 27-53 29-51 30-54 31-55 32-56 32-57
On 20 September 2019, the Australian Olympic Committee announced the first set of sailors selected for Tokyo 2020, namely Rio 2016 silver medalists and defending world 470 champions Mathew Belcher and William Ryan and world's current top-ranked Laser sailor Matthew Wearn.	2019年 9月 20日 , 澳大利亚 奥林匹克 委员会 公布 了 第一 批 入选 奥运 阵容 的 帆船 选手 名单 , 名单 中 包括 2016年 里约 奥运 银牌 得主 Mathew Belcher 和 William Ryan 。 2020年 2月 27日 , 第二 批 入选 奥运 阵容 的 帆船 选手 名单 正式 公布 。 2020年 3月 19日 , Mara Stransky 确认 获得 代表 澳大利亚 参加 女子 辐射型 的 资格 , 成为 第三 批 入选 的 帆船 选手 。	0-2 0-3 1-2 2-1 3-0 4-8 5-4 6-5 7-6 8-7 10-9 10-10 11-10 13-16 14-39 17-33 19-23 20-22 21-25 22-13 23-29 28-27 29-53 31-30 32-31 34-65 36-61 36-62 37-69 40-70 40-71
TOGETHER AT HOME (ALSO KNOWN AS ONE WORLD: TOGETHER AT HOME) WAS A VIRTUAL CONCERT SERIES ORGANISED BY GLOBAL CITIZEN AND CURATED BY SINGER LADY GAGA, IN SUPPORT OF THE WORLD HEALTH ORGANIZATION.	同一个 世界 : 共同 在家 ( 英语 : ONE WORLD : TOGETHER AT HOME) , 是 于 2020年 4月 18日 举行 的 虚拟 系列 演唱会 , 推广 在 2019 冠状 病毒 病 疫情 期间 保持 社交 距离 等 防疫 理念 , 由 全球 公民 和 歌手 嘎嘎 小姐 共同 组织 发起 , 以 支持 世界 卫生 组织 。	0-3 2-4 3-5 4-31 6-8 7-7 7-10 8-11 9-12 11-15 11-16 12-23 13-22 14-24 15-23 16-49 17-41 18-42 19-43 20-44 21-41 22-41 23-45 24-46 25-46 25-47 26-52 27-53 29-51 30-54 31-55 32-56 32-57
Community health, even population health, is not encouraged as health sectors in developing countries are not able to link the national authorities with the local government and community action.	其他 问题 涉及 医疗 服务 的 取得 , 以及 费用 。 世界 上 绝大部分 的 国家 地区 没有 足够 的 健康 保险 。 在 低 收入 国家 , 不 到 总 医疗 保健 支出 的 40% 的 经费 由 公家 / 政府 支付 。 社区 卫生 , 甚至 全民 卫生 都 未 受到 鼓励 , 因为 发展中国家 的 卫生 部门 无法 将 他们 的 国家 主管 部门 , 与 地方政府 , 以及 社区 行动 联系 起来 。	0-44 2-47 3-11 6-17 6-18 7-53 8-8 9-20 9-21 9-58 10-59 11-23 12-56 13-26 14-24 14-25 14-50 14-52 15-51 16-60 17-42 18-74 18-75 20-64 21-65 22-68 23-67 24-69 25-69 26-71 27-72 28-73
Community health, even population health, is not encouraged as health sectors in developing countries are not able to link the national authorities with the local government and community action.	其他 问题 涉及 医疗 服务 的 取得 , 以及 费用 。 世界 上 绝大部分 的 国家 地区 没有 足够 的 健康 保险 。 在 低 收入 国家 , 不 到 总 医疗 保健 支出 的 40% 的 经费 由 公家 / 政府 支付 。 社区 卫生 , 甚至 全民 卫生 都 未 受到 鼓励 , 因为 发展中国家 的 卫生 部门 无法 将 他们 的 国家 主管 部门 , 与 地方政府 , 以及 社区 行动 联系 起来 。	0-44 2-47 3-11 6-17 6-18 7-53 8-8 9-20 9-21 9-58 10-59 11-23 12-56 13-26 14-24 14-25 14-50 14-52 15-51 16-60 17-42 18-74 18-75 20-64 21-65 22-68 23-67 24-69 25-69 26-71 27-72 28-73
쭡빙씳 셧했꺵 벗깠똶 싦턦궖 찛돗쏝 첗찼렀 짇듞됫 콺솴꾅 궰핦왇 꽱릳왂	쭡빙씳 셧했꺵 벗깠똶 싦턦궖 찛돗쏝 첗찼렀 짇듞됫 콺솴꾅 궰핦왇 꽱릳왂	0-0 1-1 2-2 3-3 4-4 5-5 6-6 7-7 8-8 9-9
The conference concluded that the manifestations of SIRS include, but are not limited to the first four described above under adult SIRS criteria.	SIR S 标准 成立 于 1992年 , 是 美国 胸科 医师 学会 / 重症 监护 医学 协商会 共同 会议 的 一部分 。 会议 得出 结论 , SIR S 的 表现 包括 但 不 限于 上述 成人 SIR S 的 前 四 项 判定 标准 。	0-3 1-18 1-22 2-23 2-24 3-6 5-29 6-12 7-26 7-27 8-30 9-31 10-7 11-32 12-33 13-25 14-28 15-39 16-40 17-34 18-34 19-41 20-35 21-36 21-37 21-42 22-43 22-44
Transfusion-related acute lung injury (TRALI) is a serious blood transfusion complication characterized by the acute onset of non-cardiogenic pulmonary edema following transfusion of blood products.	输血 相关 急性 肺 损伤 (Transfusion related acute lung injury ; TRALI) 是 一 种 会 引发 急性 肺水肿 的 严重 输血併 发症 。	0-1 1-2 2-3 3-4 4-5 4-6 4-7 5-12 6-13 6-14 7-20 8-0 9-0 10-11 11-12 14-17 15-16 17-18 18-18 19-18 20-19 21-21 22-19 24-23
샖놣훳 큞뛪룻 척츟덕 꿨묳퍹 뒒앃항 폛합샭 졣즩뼣 풦쓴붑 볫엍껰 떗홹픪	샖놣훳 큞뛪룻 척츟덕 꿨묳퍹 뒒앃항 폛합샭 졣즩뼣 풦쓴붑 볫엍껰 떗홹픪	0-0 1-1 2-2 3-3 4-4 5-5 6-6 7-7 8-8 9-9
On 30 January, the WHO declared a Public Health Emergency of International Concern and on January 31, the Trump administration declared a public health emergency, and placed travel restrictions on entry for travellers from China.	2020年 1月 20日 , 华盛顿州 确诊 首例 COVID - 19 患者 。 1月 29日 , 成立 白宫 冠状 病毒 工作组 。 1月 31日 , 特朗 普政府 宣布 进入 公共 卫生 紧急 状态 。	0-2 0-3 1-0 2-1 6-4 7-8 8-7 14-13 15-12 15-21 16-22 18-24 18-25 19-25 20-26 21-15 22-28 23-29 24-30 24-31 25-23 30-27 34-32
THE CONFERENCE CONCLUDED THAT THE MANIFESTATIONS OF SIRS INCLUDE, BUT ARE NOT LIMITED TO THE FIRST FOUR DESCRIBED ABOVE UNDER ADULT SIRS CRITERIA.	SIR S 标准 成立 于 1992年 , 是 美国 胸科 医师 学会 / 重症 监护 医学 协商会 共同 会议 的 一部分 。 会议 得出 结论 , SIR S 的 表现 包括 但 不 限于 上述 成人 SIR S 的 前 四 项 判定 标准 。	0-3 1-18 1-22 2-23 2-24 3-6 5-29 6-12 7-26 7-27 8-30 9-31 10-7 11-32 12-33 13-25 14-28 15-39 16-40 17-34 18-34 19-41 20-35 21-36 21-37 21-42 22-43 22-44
× Ï Ö Ö ¢ È ç Å ¾	× Ï Ö Ö ¢ È ç Å ¾	0-0 1-1 2-2 3-3 4-4 5-5 6-6 7-7 8-8
Transfusion-related Acute Lung Injury (TRALI) Is A Serious Blood Transfusion Complication Characterized By The Acute Onset Of Non-cardiogenic Pulmonary Edema Following Transfusion Of Blood Products.	输血 相关 急性 肺 损伤 (Transfusion Related Acute Lung Injury ; TRALI) 是 一 种 会 引发 急性 肺水肿 的 严重 输血併 发症 。	0-1 1-2 2-3 3-4 4-5 4-6 4-7 5-12 6-13 6-14 7-20 8-0 9-0 10-11 11-12 14-17 15-16 17-18 18-18 19-18 20-19 21-21 22-19 24-23
๠ๅ๗ ไ๷ฝ ดฐฮ ฉ๎ต ๧แ๊	๠ๅ๗ ไ๷ฝ ดฐฮ ฉ๎ต ๧แ๊	0-0 1-1 2-2 3-3 4-4
On 20 September 2019, The Australian Olympic Committee Announced The First Set Of Sailors Selected For Tokyo 2020, Namely Rio 2016 Silver Medalists And Defending World 470 Champions Mathew Belcher And William Ryan And World's Current Top-ranked Laser Sailor Matthew Wearn.	2019年 9月 20日 , 澳大利亚 奥林匹克 委员会 公布 了 第一 批 入选 奥运 阵容 的 帆船 选手 名单 , 名单 中 包括 2016年 里约 奥运 银牌 得主 Mathew Belcher 和 William Ryan 。 2020年 2月 27日 , 第二 批 入选 奥运 阵容 的 帆船 选手 名单 正式 公布 。 2020年 3月 19日 , Mara Stransky 确认 获得 代表 澳大利亚 参加 女子 辐射型 的 资格 , 成为 第三 批 入选 的 帆船 选手 。	0-2 0-3 1-2 2-1 3-0 4-8 5-4 6-5 7-6 8-7 10-9 10-10 11-10 13-16 14-39 17-33 19-23 20-22 21-25 22-13 23-29 28-27 29-53 31-30 32-31 34-65 36-61 36-62 37-69 40-70 40-71
Generally, the treatment for SIRS is directed towards the underlying problem or inciting cause (i.e. adequate fluid replacement for hypovolemia, IVF/NPO for pancreatitis, epinephrine/steroids/diphenhydramine for anaphylaxis).Selenium, glutamine, and eicosapentaenoic acid have shown effectiveness in improving symptoms in clinical trials.	一般来说 , SIR S 的 治疗 针对 潜在 的 问题 或 诱发 原因 (例 如 , 使用 足够 的 液体 替代 血 容量 不足 , 对 胰腺 炎患者 应用 IV F / NPO , 肾上腺素 / 类固醇 / 苯海 拉明 用于 过敏 反应 ) 。 硒 , 谷氨 酰胺 和 二十 碳 五烯酸 已经 显示 出 在 临床 试验 中 改善 症状 的 有效性 。 其他 的 抗氧化剂 , 如 维生素E 可能 是 有 帮助 的 。	0-0 0-1 1-4 2-5 3-8 4-2 4-3 6-6 7-6 9-7 10-9 11-10 13-12 14-13 14-14 15-17 16-19 17-20 18-40 19-38 19-39 20-38 22-45 23-47 23-48 24-51 25-52 26-52 27-49 30-53 31-54 31-55 32-63 33-59 34-60 35-61 36-59 37-57 37-58 38-57
Μή͸ ϣΌϽ	Μή͸ ϣΌϽ	0-0 1-1
Together at Home (also known as One World: Together at Home) was a virtual concert series organised by Global Citizen and curated by singer Lady Gaga, in support of the World Health Organization.	同一个 世界 : 共同 在家 ( 英语 : One World : Together at Home) , 是 于 2020年 4月 18日 举行 的 虚拟 系列 演唱会 , 推广 在 2019 冠状 病毒 病 疫情 期间 保持 社交 距离 等 防疫 理念 , 由 全球 公民 和 歌手 嘎嘎 小姐 共同 组织 发起 , 以 支持 世界 卫生 组织 。	0-3 2-4 3-5 4-31 6-8 7-7 7-10 8-11 9-12 11-15 11-16 12-23 13-22 14-24 15-23 16-49 17-41 18-42 19-43 20-44 21-41 22-41 23-45 24-46 25-46 25-47 26-52 27-53 29-51 30-54 31-55 32-56 32-57
ऩॾ ऺढ़ ४ॽ ॽ५ ळछ उऌ ऊढ़	ऩॾ ऺढ़ ४ॽ ॽ५ ळछ उऌ ऊढ़	0-0 1-1 2-2 3-3 4-4 5-5 6-6
On 1 March, Australia reported the first death from COVID-19: a 78-year-old Perth man, who was one of the passengers from the Diamond Princess, and who had been evacuated and was being treated in Western Australia.	同日 , 一个 曾 为 钻石 公主号 邮轮 乘客 的 78 岁 男性 老人 宣布 死亡 , 为 澳大利亚 首例 因 感染 COVID - 19 死亡 的 病例 。 他 曾 在 西 澳大利亚州 Sir Charles Gairdner Hospital 治疗 。	0-0 0-1 3-18 4-27 6-19 7-14 7-15 9-6 10-2 11-10 11-11 12-36 13-12 14-20 14-21 15-19 19-7 19-8 21-34 22-5 23-22 25-29 26-30 27-30 32-37 32-38 33-31 34-32 34-33 35-33
ॼॲ ८ॺ फह ॠे ट८	ॼॲ ८ॺ फह ॠे ट८	0-0 1-1 2-2 3-3 4-4
On 30 January, the WHO declared a Public Health Emergency of International Concern and on January 31, the Trump administration declared a public health emergency, and placed travel restrictions on entry for travellers from China.	2020年 1月 20日 , 华盛顿州 确诊 首例 COVID - 19 患者 。 1月 29日 , 成立 白宫 冠状 病毒 工作组 。 1月 31日 , 特朗 普政府 宣布 进入 公共 卫生 紧急 状态 。	0-2 0-3 1-0 2-1 6-4 7-8 8-7 14-13 15-12 15-21 16-22 18-24 18-25 19-25 20-26 21-15 22-28 23-29 24-30 24-31 25-23 30-27 34-32
ॺ थ फ़ ॽ ढ	ॺ थ फ़ ॽ ढ	0-0 1-1 2-2 3-3 4-4
On 20 September 2019, the Australian Olympic Committee announced the first set of sailors selected for Tokyo 2020, namely Rio 2016 silver medalists and defending world 470 champions Mathew Belcher and William Ryan and world's current top-ranked Laser sailor Matthew Wearn.	2019年 9月 20日 , 澳大利亚 奥林匹克 委员会 公布 了 第一 批 入选 奥运 阵容 的 帆船 选手 名单 , 名单 中 包括 2016年 里约 奥运 银牌 得主 Mathew Belcher 和 William Ryan 。 2020年 2月 27日 , 第二 批 入选 奥运 阵容 的 帆船 选手 名单 正式 公布 。 2020年 3月 19日 , Mara Stransky 确认 获得 代表 澳大利亚 参加 女子 辐射型 的 资格 , 成为 第三 批 入选 的 帆船 选手 。	0-2 0-3 1-2 2-1 3-0 4-8 5-4 6-5 7-6 8-7 10-9 10-10 11-10 13-16 14-39 17-33 19-23 20-22 21-25 22-13 23-29 28-27 29-53 31-30 32-31 34-65 36-61 36-62 37-69 40-70 40-71
>l 6M rg re Vf +) -9 !?	>l 6M rg re Vf +) -9 !?	0-0 1-1 2-2 3-3 4-4 5-5 6-6 7-7
On 30 January, the WHO declared a Public Health Emergency of International Concern and on January 31, the Trump administration declared a public health emergency, and placed travel restrictions on entry for travellers from China.	2020年 1月 20日 , 华盛顿州 确诊 首例 COVID - 19 患者 。 1月 29日 , 成立 白宫 冠状 病毒 工作组 。 1月 31日 , 特朗 普政府 宣布 进入 公共 卫生 紧急 状态 。	0-2 0-3 1-0 2-1 6-4 7-8 8-7 14-13 15-12 15-21 16-22 18-24 18-25 19-25 20-26 21-15 22-28 23-29 24-30 24-31 25-23 30-27 34-32
ON 20 SEPTEMBER 2019, THE AUSTRALIAN OLYMPIC COMMITTEE ANNOUNCED THE FIRST SET OF SAILORS SELECTED FOR TOKYO 2020, NAMELY RIO 2016 SILVER MEDALISTS AND DEFENDING WORLD 470 CHAMPIONS MATHEW BELCHER AND WILLIAM RYAN AND WORLD'S CURRENT TOP-RANKED LASER SAILOR MATTHEW WEARN.	2019年 9月 20日 , 澳大利亚 奥林匹克 委员会 公布 了 第一 批 入选 奥运 阵容 的 帆船 选手 名单 , 名单 中 包括 2016年 里约 奥运 银牌 得主 MATHEW BELCHER 和 WILLIAM RYAN 。 2020年 2月 27日 , 第二 批 入选 奥运 阵容 的 帆船 选手 名单 正式 公布 。 2020年 3月 19日 , MARA STRANSKY 确认 获得 代表 澳大利亚 参加 女子 辐射型 的 资格 , 成为 第三 批 入选 的 帆船 选手 。	0-2 0-3 1-2 2-1 3-0 4-8 5-4 6-5 7-6 8-7 10-9 10-10 11-10 13-16 14-39 17-33 19-23 20-22 21-25 22-13 23-29 28-27 29-53 31-30 32-31 34-65 36-61 36-62 37-69 40-70 40-71
ိ်ႋ ၚေယ ႔ႛဎ ၔဍ႒ ၦ႑၅ ၈ႝၑ	ိ်ႋ ၚေယ ႔ႛဎ ၔဍ႒ ၦ႑၅ ၈ႝၑ	0-0 1-1 2-2 3-3 4-4 5-5
429 Transport Squadron (429 Bison Squadron) - Flying the CC-177	429 运输 中队 ( 429 野牛) , 使用 CC - 177	0-0 1-1 2-2 3-3 3-4 4-5 5-5 5-7 5-8 6-9 7-8 8-9 9-10
429 Transport Squadron (429 Bison Squadron) - Flying the CC-177	429 运输 中队 ( 429 野牛) , 使用 CC - 177	0-0 1-1 2-2 3-3 3-4 4-5 5-5 5-7 5-8 6-9 7-8 8-9 9-10
THE CONFERENCE CONCLUDED THAT THE MANIFESTATIONS OF SIRS INCLUDE, BUT ARE NOT LIMITED TO THE FIRST FOUR DESCRIBED ABOVE UNDER ADULT SIRS CRITERIA.	SIR S 标准 成立 于 1992年 , 是 美国 胸科 医师 学会 / 重症 监护 医学 协商会 共同 会议 的 一部分 。 会议 得出 结论 , SIR S 的 表现 包括 但 不 限于 上述 成人 SIR S 的 前 四 项 判定 标准 。	0-3 1-18 1-22 2-23 2-24 3-6 5-29 6-12 7-26 7-27 8-30 9-31 10-7 11-32 12-33 13-25 14-28 15-39 16-40 17-34 18-34 19-41 20-35 21-36 21-37 21-42 22-43 22-44
Μϼ ζύ ηι ΑΘ ϢϜ Η΂ ΨΎ ϟσ ΘϾ ϙͿ	Μϼ ζύ ηι ΑΘ ϢϜ Η΂ ΨΎ ϟσ ΘϾ ϙͿ	0-0 1-1 2-2 3-3 4-4 5-5 6-6 7-7 8-8 9-9
Food Poisoning and Food Hygiene.	微生物 检验 与 食品 安全 控制 .	0-3 1-0 1-1 1-2 2-2 3-3 3-4 4-5 4-6
Generally, the treatment for SIRS is directed towards the underlying problem or inciting cause (i.e. adequate fluid replacement for hypovolemia, IVF/NPO for pancreatitis, epinephrine/steroids/diphenhydramine for anaphylaxis).Selenium, glutamine, and eicosapentaenoic acid have shown effectiveness in improving symptoms in clinical trials.	一般来说 , SIR S 的 治疗 针对 潜在 的 问题 或 诱发 原因 (例 如 , 使用 足够 的 液体 替代 血 容量 不足 , 对 胰腺 炎患者 应用 IV F / NPO , 肾上腺素 / 类固醇 / 苯海 拉明 用于 过敏 反应 ) 。 硒 , 谷氨 酰胺 和 二十 碳 五烯酸 已经 显示 出 在 临床 试验 中 改善 症状 的 有效性 。 其他 的 抗氧化剂 , 如 维生素E 可能 是 有 帮助 的 。	0-0 0-1 1-4 2-5 3-8 4-2 4-3 6-6 7-6 9-7 10-9 11-10 13-12 14-13 14-14 15-17 16-19 17-20 18-40 19-38 19-39 20-38 22-45 23-47 23-48 24-51 25-52 26-52 27-49 30-53 31-54 31-55 32-63 33-59 34-60 35-61 36-59 37-57 37-58 38-57
I]x LL$	I]x LL$	0-0 1-1
THE CONFERENCE CONCLUDED THAT THE MANIFESTATIONS OF SIRS INCLUDE, BUT ARE NOT LIMITED TO THE FIRST FOUR DESCRIBED ABOVE UNDER ADULT SIRS CRITERIA.	SIR S 标准 成立 于 1992年 , 是 美国 胸科 医师 学会 / 重症 监护 医学 协商会 共同 会议 的 一部分 。 会议 得出 结论 , SIR S 的 表现 包括 但 不 限于 上述 成人 SIR S 的 前 四 项 判定 标准 。	0-3 1-18 1-22 2-23 2-24 3-6 5-29 6-12 7-26 7-27 8-30 9-31 10-7 11-32 12-33 13-25 14-28 15-39 16-40 17-34 18-34 19-41 20-35 21-36 21-37 21-42 22-43 22-44
咕驑覉 御嬈蝿 埏篼珨 篺凷桒 抓脽慿 吭珣刞 营梐裐 遡媤煱 衰疈集	咕驑覉 御嬈蝿 埏篼珨 篺凷桒 抓脽慿 吭珣刞 营梐裐 遡媤煱 衰疈集	0-0 1-1 2-2 3-3 4-4 5-5 6-6 7-7 8-8
Generally, the treatment for SIRS is directed towards the underlying problem or inciting cause (i.e. adequate fluid replacement for hypovolemia, IVF/NPO for pancreatitis, epinephrine/steroids/diphenhydramine for anaphylaxis).Selenium, glutamine, and eicosapentaenoic acid have shown effectiveness in improving symptoms in clinical trials.	一般来说 , SIR S 的 治疗 针对 潜在 的 问题 或 诱发 原因 (例 如 , 使用 足够 的 液体 替代 血 容量 不足 , 对 胰腺 炎患者 应用 IV F / NPO , 肾上腺素 / 类固醇 / 苯海 拉明 用于 过敏 反应 ) 。 硒 , 谷氨 酰胺 和 二十 碳 五烯酸 已经 显示 出 在 临床 试验 中 改善 症状 的 有效性 。 其他 的 抗氧化剂 , 如 维生素E 可能 是 有 帮助 的 。	0-0 0-1 1-4 2-5 3-8 4-2 4-3 6-6 7-6 9-7 10-9 11-10 13-12 14-13 14-14 15-17 16-19 17-20 18-40 19-38 19-39 20-38 22-45 23-47 23-48 24-51 25-52 26-52 27-49 30-53 31-54 31-55 32-63 33-59 34-60 35-61 36-59 37-57 37-58 38-57
Ⴧ ჊ Ⴕ ჋ ჆	Ⴧ ჊ Ⴕ ჋ ჆	0-0 1-1 2-2 3-3 4-4
429 Transport Squadron (429 Bison Squadron) - Flying The CC-177	429 运输 中队 ( 429 野牛) , 使用 CC - 177	0-0 1-1 2-2 3-3 3-4 4-5 5-5 5-7 5-8 6-9 7-8 8-9 9-10
Community Health, Even Population Health, Is Not Encouraged As Health Sectors In Developing Countries Are Not Able To Link The National Authorities With The Local Government And Community Action.	其他 问题 涉及 医疗 服务 的 取得 , 以及 费用 。 世界 上 绝大部分 的 国家 地区 没有 足够 的 健康 保险 。 在 低 收入 国家 , 不 到 总 医疗 保健 支出 的 40% 的 经费 由 公家 / 政府 支付 。 社区 卫生 , 甚至 全民 卫生 都 未 受到 鼓励 , 因为 发展中国家 的 卫生 部门 无法 将 他们 的 国家 主管 部门 , 与 地方政府 , 以及 社区 行动 联系 起来 。	0-44 2-47 3-11 6-17 6-18 7-53 8-8 9-20 9-21 9-58 10-59 11-23 12-56 13-26 14-24 14-25 14-50 14-52 15-51 16-60 17-42 18-74 18-75 20-64 21-65 22-68 23-67 24-69 25-69 26-71 27-72 28-73
Գ ը տ ա Պ ՝ ջ	Գ ը տ ա Պ ՝ ջ	0-0 1-1 2-2 3-3 4-4 5-5 6-6
On 1 March, Australia reported the first death from COVID-19: a 78-year-old Perth man, who was one of the passengers from the Diamond Princess, and who had been evacuated and was being treated in Western Australia.	同日 , 一个 曾 为 钻石 公主号 邮轮 乘客 的 78 岁 男性 老人 宣布 死亡 , 为 澳大利亚 首例 因 感染 COVID - 19 死亡 的 病例 。 他 曾 在 西 澳大利亚州 Sir Charles Gairdner Hospital 治疗 。	0-0 0-1 3-18 4-27 6-19 7-14 7-15 9-6 10-2 11-10 11-11 12-36 13-12 14-20 14-21 15-19 19-7 19-8 21-34 22-5 23-22 25-29 26-30 27-30 32-37 32-38 33-31 34-32 34-33 35-33
षखॠ ख़त॰ ॉहक ॖईऀ ॽज़ञ ६ि्	षखॠ ख़त॰ ॉहक ॖईऀ ॽज़ञ ६ि्	0-0 1-1 2-2 3-3 4-4 5-5
Transfusion-related acute lung injury (TRALI) is a serious blood transfusion complication characterized by the acute onset of non-cardiogenic pulmonary edema following transfusion of blood products.	输血 相关 急性 肺 损伤 (Transfusion related acute lung injury ; TRALI) 是 一 种 会 引发 急性 肺水肿 的 严重 输血併 发症 。	0-1 1-2 2-3 3-4 4-5 4-6 4-7 5-12 6-13 6-14 7-20 8-0 9-0 10-11 11-12 14-17 15-16 17-18 18-18 19-18 20-19 21-21 22-19 24-23
Transfusion-related acute lung injury (TRALI) is a serious blood transfusion complication characterized by the acute onset of non-cardiogenic pulmonary edema following transfusion of blood products.	输血 相关 急性 肺 损伤 (Transfusion related acute lung injury ; TRALI) 是 一 种 会 引发 急性 肺水肿 的 严重 输血併 发症 。	0-1 1-2 2-3 3-4 4-5 4-6 4-7 5-12 6-13 6-14 7-20 8-0 9-0 10-11 11-12 14-17 15-16 17-18 18-18 19-18 20-19 21-21 22-19 24-23
Generally, the treatment for SIRS is directed towards the underlying problem or inciting cause (i.e. adequate fluid replacement for hypovolemia, IVF/NPO for pancreatitis, epinephrine/steroids/diphenhydramine for anaphylaxis).Selenium, glutamine, and eicosapentaenoic acid have shown effectiveness in improving symptoms in clinical trials.	一般来说 , SIR S 的 治疗 针对 潜在 的 问题 或 诱发 原因 (例 如 , 使用 足够 的 液体 替代 血 容量 不足 , 对 胰腺 炎患者 应用 IV F / NPO , 肾上腺素 / 类固醇 / 苯海 拉明 用于 过敏 反应 ) 。 硒 , 谷氨 酰胺 和 二十 碳 五烯酸 已经 显示 出 在 临床 试验 中 改善 症状 的 有效性 。 其他 的 抗氧化剂 , 如 维生素E 可能 是 有 帮助 的 。	0-0 0-1 1-4 2-5 3-8 4-2 4-3 6-6 7-6 9-7 10-9 11-10 13-12 14-13 14-14 15-17 16-19 17-20 18-40 19-38 19-39 20-38 22-45 23-47 23-48 24-51 25-52 26-52 27-49 30-53 31-54 31-55 32-63 33-59 34-60 35-61 36-59 37-57 37-58 38-57
֢נ ֘׍ ׄ׵ ֤׹	֢נ ֘׍ ׄ׵ ֤׹	0-0 1-1 2-2 3-3
THE CONFERENCE CONCLUDED THAT THE MANIFESTATIONS OF SIRS INCLUDE, BUT ARE NOT LIMITED TO THE FIRST FOUR DESCRIBED ABOVE UNDER ADULT SIRS CRITERIA.	SIR S 标准 成立 于 1992年 , 是 美国 胸科 医师 学会 / 重症 监护 医学 协商会 共同 会议 的 一部分 。 会议 得出 结论 , SIR S 的 表现 包括 但 不 限于 上述 成人 SIR S 的 前 四 项 判定 标准 。	0-3 1-18 1-22 2-23 2-24 3-6 5-29 6-12 7-26 7-27 8-30 9-31 10-7 11-32 12-33 13-25 14-28 15-39 16-40 17-34 18-34 19-41 20-35 21-36 21-37 21-42 22-43 22-44
Food Poisoning and Food Hygiene.	微生物 检验 与 食品 安全 控制 .	0-3 1-0 1-1 1-2 2-2 3-3 3-4 4-5 4-6
๙๵ ฻฻ ๳ฅ ๑ศ แๅ ๞฻	๙๵ ฻฻ ๳ฅ ๑ศ แๅ ๞฻	0-0 1-1 2-2 3-3 4-4 5-5
On 30 January, the WHO declared a Public Health Emergency of International Concern and on January 31, the Trump administration declared a public health emergency, and placed travel restrictions on entry for travellers from China.	2020年 1月 20日 , 华盛顿州 确诊 首例 COVID - 19 患者 。 1月 29日 , 成立 白宫 冠状 病毒 工作组 。 1月 31日 , 特朗 普政府 宣布 进入 公共 卫生 紧急 状态 。	0-2 0-3 1-0 2-1 6-4 7-8 8-7 14-13 15-12 15-21 16-22 18-24 18-25 19-25 20-26 21-15 22-28 23-29 24-30 24-31 25-23 30-27 34-32
> ( % x 3 | j A O U	> ( % x 3 | j A O U	0-0 1-1 2-2 3-3 4-4 5-5 6-6 7-7 8-8 9-9
Food Poisoning And Food Hygiene.	微生物 检验 与 食品 安全 控制 .	0-3 1-0 1-1 1-2 2-2 3-3 3-4 4-5 4-6
ON 1 MARCH, AUSTRALIA REPORTED THE FIRST DEATH FROM COVID-19: A 78-YEAR-OLD PERTH MAN, WHO WAS ONE OF THE PASSENGERS FROM THE DIAMOND PRINCESS, AND WHO HAD BEEN EVACUATED AND WAS BEING TREATED IN WESTERN AUSTRALIA.	同日 , 一个 曾 为 钻石 公主号 邮轮 乘客 的 78 岁 男性 老人 宣布 死亡 , 为 澳大利亚 首例 因 感染 COVID - 19 死亡 的 病例 。 他 曾 在 西 澳大利亚州 SIR CHARLES GAIRDNER HOSPITAL 治疗 。	0-0 0-1 3-18 4-27 6-19 7-14 7-15 9-6 10-2 11-10 11-11 12-36 13-12 14-20 14-21 15-19 19-7 19-8 21-34 22-5 23-22 25-29 26-30 27-30 32-37 32-38 33-31 34-32 34-33 35-33
涹 躒 亹 正	涹 躒 亹 正	0-0 1-1 2-2 3-3
429 Transport Squadron (429 Bison Squadron) - Flying The CC-177	429 运输 中队 ( 429 野牛) , 使用 CC - 177	0-0 1-1 2-2 3-3 3-4 4-5 5-5 5-7 5-8 6-9 7-8 8-9 9-10
ឍ៹ ញឺ ៝ឭ ៓ឋ ៟ឱ ៮ិ ឫណ	ឍ៹ ញឺ ៝ឭ ៓ឋ ៟ឱ ៮ិ ឫណ	0-0 1-1 2-2 3-3 4-4 5-5 6-6
429 Transport Squadron (429 Bison Squadron) - Flying the CC-177	429 运输 中队 ( 429 野牛) , 使用 CC - 177	0-0 1-1 2-2 3-3 3-4 4-5 5-5 5-7 5-8 6-9 7-8 8-9 9-10
ON 20 SEPTEMBER 2019, THE AUSTRALIAN OLYMPIC COMMITTEE ANNOUNCED THE FIRST SET OF SAILORS SELECTED FOR TOKYO 2020, NAMELY RIO 2016 SILVER MEDALISTS AND DEFENDING WORLD 470 CHAMPIONS MATHEW BELCHER AND WILLIAM RYAN AND WORLD'S CURRENT TOP-RANKED LASER SAILOR MATTHEW WEARN.	2019年 9月 20日 , 澳大利亚 奥林匹克 委员会 公布 了 第一 批 入选 奥运 阵容 的 帆船 选手 名单 , 名单 中 包括 2016年 里约 奥运 银牌 得主 MATHEW BELCHER 和 WILLIAM RYAN 。 2020年 2月 27日 , 第二 批 入选 奥运 阵容 的 帆船 选手 名单 正式 公布 。 2020年 3月 19日 , MARA STRANSKY 确认 获得 代表 澳大利亚 参加 女子 辐射型 的 资格 , 成为 第三 批 入选 的 帆船 选手 。	0-2 0-3 1-2 2-1 3-0 4-8 5-4 6-5 7-6 8-7 10-9 10-10 11-10 13-16 14-39 17-33 19-23 20-22 21-25 22-13 23-29 28-27 29-53 31-30 32-31 34-65 36-61 36-62 37-69 40-70 40-71
Transfusion-related acute lung injury (TRALI) is a serious blood transfusion complication characterized by the acute onset of non-cardiogenic pulmonary edema following transfusion of blood products.	输血 相关 急性 肺 损伤 (Transfusion related acute lung injury ; TRALI) 是 一 种 会 引发 急性 肺水肿 的 严重 输血併 发症 。	0-1 1-2 2-3 3-4 4-5 4-6 4-7 5-12 6-13 6-14 7-20 8-0 9-0 10-11 11-12 14-17 15-16 17-18 18-18 19-18 20-19 21-21 22-19 24-23
Together at Home (also known as One World: Together at Home) was a virtual concert series organised by Global Citizen and curated by singer Lady Gaga, in support of the World Health Organization.	同一个 世界 : 共同 在家 ( 英语 : One World : Together at Home) , 是 于 2020年 4月 18日 举行 的 虚拟 系列 演唱会 , 推广 在 2019 冠状 病毒 病 疫情 期间 保持 社交 距离 等 防疫 理念 , 由 全球 公民 和 歌手 嘎嘎 小姐 共同 组织 发起 , 以 支持 世界 卫生 组织 。	0-3 2-4 3-5 4-31 6-8 7-7 7-10 8-11 9-12 11-15 11-16 12-23 13-22 14-24 15-23 16-49 17-41 18-42 19-43 20-44 21-41 22-41 23-45 24-46 25-46 25-47 26-52 27-53 29-51 30-54 31-55 32-56 32-57
On 20 September 2019, The Australian Olympic Committee Announced The First Set Of Sailors Selected For Tokyo 2020, Namely Rio 2016 Silver Medalists And Defending World 470 Champions Mathew Belcher And William Ryan And World's Current Top-ranked Laser Sailor Matthew Wearn.	2019年 9月 20日 , 澳大利亚 奥林匹克 委员会 公布 了 第一 批 入选 奥运 阵容 的 帆船 选手 名单 , 名单 中 包括 2016年 里约 奥运 银牌 得主 Mathew Belcher 和 William Ryan 。 2020年 2月 27日 , 第二 批 入选 奥运 阵容 的 帆船 选手 名单 正式 公布 。 2020年 3月 19日 , Mara Stransky 确认 获得 代表 澳大利亚 参加 女子 辐射型 的 资格 , 成为 第三 批 入选 的 帆船 选手 。	0-2 0-3 1-2 2-1 3-0 4-8 5-4 6-5 7-6 8-7 10-9 10-10 11-10 13-16 14-39 17-33 19-23 20-22 21-25 22-13 23-29 28-27 29-53 31-30 32-31 34-65 36-61 36-62 37-69 40-70 40-71
COMMUNITY HEALTH, EVEN POPULATION HEALTH, IS NOT ENCOURAGED AS HEALTH SECTORS IN DEVELOPING COUNTRIES ARE NOT ABLE TO LINK THE NATIONAL AUTHORITIES WITH THE LOCAL GOVERNMENT AND COMMUNITY ACTION.	其他 问题 涉及 医疗 服务 的 取得 , 以及 费用 。 世界 上 绝大部分 的 国家 地区 没有 足够 的 健康 保险 。 在 低 收入 国家 , 不 到 总 医疗 保健 支出 的 40% 的 经费 由 公家 / 政府 支付 。 社区 卫生 , 甚至 全民 卫生 都 未 受到 鼓励 , 因为 发展中国家 的 卫生 部门 无法 将 他们 的 国家 主管 部门 , 与 地方政府 , 以及 社区 行动 联系 起来 。	0-44 2-47 3-11 6-17 6-18 7-53 8-8 9-20 9-21 9-58 10-59 11-23 12-56 13-26 14-24 14-25 14-50 14-52 15-51 16-60 17-42 18-74 18-75 20-64 21-65 22-68 23-67 24-69 25-69 26-71 27-72 28-73
૭૩ ી૶ શય છ૝ ધ૕ ઉ૸ હ઱ ૷ણ ૡ઩ ઴શ	૭૩ ી૶ શય છ૝ ધ૕ ઉ૸ હ઱ ૷ણ ૡ઩ ઴શ	0-0 1-1 2-2 3-3 4-4 5-5 6-6 7-7 8-8 9-9
Generally, the treatment for SIRS is directed towards the underlying problem or inciting cause (i.e. adequate fluid replacement for hypovolemia, IVF/NPO for pancreatitis, epinephrine/steroids/diphenhydramine for anaphylaxis).Selenium, glutamine, and eicosapentaenoic acid have shown effectiveness in improving symptoms in clinical trials.	一般来说 , SIR S 的 治疗 针对 潜在 的 问题 或 诱发 原因 (例 如 , 使用 足够 的 液体 替代 血 容量 不足 , 对 胰腺 炎患者 应用 IV F / NPO , 肾上腺素 / 类固醇 / 苯海 拉明 用于 过敏 反应 ) 。 硒 , 谷氨 酰胺 和 二十 碳 五烯酸 已经 显示 出 在 临床 试验 中 改善 症状 的 有效性 。 其他 的 抗氧化剂 , 如 维生素E 可能 是 有 帮助 的 。	0-0 0-1 1-4 2-5 3-8 4-2 4-3 6-6 7-6 9-7 10-9 11-10 13-12 14-13 14-14 15-17 16-19 17-20 18-40 19-38 19-39 20-38 22-45 23-47 23-48 24-51 25-52 26-52 27-49 30-53 31-54 31-55 32-63 33-59 34-60 35-61 36-59 37-57 37-58 38-57
؞ٮۋ ڳؑ۷ ٯۈٔ ۚ؞ۍ	؞ٮۋ ڳؑ۷ ٯۈٔ ۚ؞ۍ	0-0 1-1 2-2 3-3
FOOD POISONING AND FOOD HYGIENE.	微生物 检验 与 食品 安全 控制 .	0-3 1-0 1-1 1-2 2-2 3-3 3-4 4-5 4-6
퍅 끊 뻞 뺥 쭡 쇯 끨 끍	퍅 끊 뻞 뺥 쭡 쇯 끨 끍	0-0 1-1 2-2 3-3 4-4 5-5 6-6 7-7
Together at Home (also known as One World: Together at Home) was a virtual concert series organised by Global Citizen and curated by singer Lady Gaga, in support of the World Health Organization.	同一个 世界 : 共同 在家 ( 英语 : One World : Together at Home) , 是 于 2020年 4月 18日 举行 的 虚拟 系列 演唱会 , 推广 在 2019 冠状 病毒 病 疫情 期间 保持 社交 距离 等 防疫 理念 , 由 全球 公民 和 歌手 嘎嘎 小姐 共同 组织 发起 , 以 支持 世界 卫生 组织 。	0-3 2-4 3-5 4-31 6-8 7-7 7-10 8-11 9-12 11-15 11-16 12-23 13-22 14-24 15-23 16-49 17-41 18-42 19-43 20-44 21-41 22-41 23-45 24-46 25-46 25-47 26-52 27-53 29-51 30-54 31-55 32-56 32-57
ბძძ ჂႿშ ჄႧგ ႰႴႣ Ⴊაფ ღႢჵ ფეჄ	ბძძ ჂႿშ ჄႧგ ႰႴႣ Ⴊაფ ღႢჵ ფეჄ	0-0 1-1 2-2 3-3 4-4 5-5 6-6
Community health, even population health, is not encouraged as health sectors in developing countries are not able to link the national authorities with the local government and community action.	其他 问题 涉及 医疗 服务 的 取得 , 以及 费用 。 世界 上 绝大部分 的 国家 地区 没有 足够 的 健康 保险 。 在 低 收入 国家 , 不 到 总 医疗 保健 支出 的 40% 的 经费 由 公家 / 政府 支付 。 社区 卫生 , 甚至 全民 卫生 都 未 受到 鼓励 , 因为 发展中国家 的 卫生 部门 无法 将 他们 的 国家 主管 部门 , 与 地方政府 , 以及 社区 行动 联系 起来 。	0-44 2-47 3-11 6-17 6-18 7-53 8-8 9-20 9-21 9-58 10-59 11-23 12-56 13-26 14-24 14-25 14-50 14-52 15-51 16-60 17-42 18-74 18-75 20-64 21-65 22-68 23-67 24-69 25-69 26-71 27-72 28-73
฀ บ ภ ๵ ๹ น	฀ บ ภ ๵ ๹ น	0-0 1-1 2-2 3-3 4-4 5-5
Food Poisoning And Food Hygiene.	微生物 检验 与 食品 安全 控制 .	0-3 1-0 1-1 1-2 2-2 3-3 3-4 4-5 4-6
Together at Home (also known as One World: Together at Home) was a virtual concert series organised by Global Citizen and curated by singer Lady Gaga, in support of the World Health Organization.	同一个 世界 : 共同 在家 ( 英语 : One World : Together at Home) , 是 于 2020年 4月 18日 举行 的 虚拟 系列 演唱会 , 推广 在 2019 冠状 病毒 病 疫情 期间 保持 社交 距离 等 防疫 理念 , 由 全球 公民 和 歌手 嘎嘎 小姐 共同 组织 发起 , 以 支持 世界 卫生 组织 。	0-3 2-4 3-5 4-31 6-8 7-7 7-10 8-11 9-12 11-15 11-16 12-23 13-22 14-24 15-23 16-49 17-41 18-42 19-43 20-44 21-41 22-41 23-45 24-46 25-46 25-47 26-52 27-53 29-51 30-54 31-55 32-56 32-57
ၫ ီ	ၫ ီ	0-0 1-1
Transfusion-related Acute Lung Injury (TRALI) Is A Serious Blood Transfusion Complication Characterized By The Acute Onset Of Non-cardiogenic Pulmonary Edema Following Transfusion Of Blood Products.	输血 相关 急性 肺 损伤 (Transfusion Related Acute Lung Injury ; TRALI) 是 一 种 会 引发 急性 肺水肿 的 严重 输血併 发症 。	0-1 1-2 2-3 3-4 4-5 4-6 4-7 5-12 6-13 6-14 7-20 8-0 9-0 10-11 11-12 14-17 15-16 17-18 18-18 19-18 20-19 21-21 22-19 24-23
[Trainer] Starting stage start
[Trainer] Reading clean for epoch 0
[Trainer] Reading clean for epoch 1
[Trainer] Reading clean for epoch 2
[Trainer] Reading clean for epoch 3
[Trainer] Reading clean for epoch 4
[Trainer] Reading clean for epoch 5
[Trainer] Reading clean for epoch 6
[Trainer] Reading clean for epoch 7
[Trainer] Reading clean for epoch 8
[Trainer] Reading clean for epoch 9
[Trainer] waiting for trainer to exit. Press ctrl-c to be more aggressive
